// Jest Snapshot v1, https://goo.gl/fbAQLP

exports[`<Button> renders correctly 1`] = `
<button
  className="ui button text Button__StyledSuiButton-btyXTW cNVIpi"
  disabled={undefined}
  onClick={[Function]}
  role="button"
  tabIndex={undefined}
>
  Hello
</button>
`;
