// Jest Snapshot v1, https://goo.gl/fbAQLP

exports[`<ButtonLink> renders correctly 1`] = `
<button
  className="ui button sc-bdVaJa jhbbHP"
  disabled={undefined}
  onClick={[Function]}
  role="button"
  tabIndex={undefined}
>
  <a
    href="/"
    onClick={[Function]}
  />
</button>
`;
