// Jest Snapshot v1, https://goo.gl/fbAQLP

exports[`<Card> renders correctly 1`] = `
<div
  className="ui card sc-bdVaJa jrjGOD"
  href={undefined}
  onClick={[Function]}
/>
`;
