// Jest Snapshot v1, https://goo.gl/fbAQLP

exports[`<Grid> renders correctly 1`] = `
<div
  className="ui grid Grid__StyledGrid-hPdIDY kWsVRI"
/>
`;
