// Jest Snapshot v1, https://goo.gl/fbAQLP

exports[`<Banner> renders correctly 1`] = `
<div
  className="ui vertical segment spacer sc-bdVaJa cYUOLB"
  spacer={1}
>
  <div
    className="ui container sc-EHOje dINdpB"
  >
    <div
      className="sc-bZQynM boMXtV"
    />
  </div>
</div>
`;
