// Jest Snapshot v1, https://goo.gl/fbAQLP

exports[`<Block> renders correctly 1`] = `
<div
  background={undefined}
  className="ui segment sc-bdVaJa edqNUO"
  spacer={1}
>
  Hello World
</div>
`;
